// Jest Snapshot v1, https://goo.gl/fbAQLP

exports[`App Testing of App.js 1`] = `
Object {
  "asFragment": [Function],
  "baseElement": <body>
    <div>
      <div
        class="App"
      >
        <div>
          <div
            class="mainHome"
          >
            <div
              class="searchBar"
            >
              <div>
                <img
                  alt=""
                  height="20px"
                  src="arrow.png"
                  width="20px"
                />
              </div>
              <div>
                Welcom to you
              </div>
              <div
                class="iconSearch"
              >
                <div>
                  <img
                    alt=""
                    height="20px"
                    src="mic.png"
                    width="20px"
                  />
                </div>
                <div>
                  <img
                    alt=""
                    height="20px"
                    src="setting.png"
                    width="20px"
                  />
                </div>
              </div>
            </div>
            <div
              class="mainItem"
            >
              <div
                class="AfricaImg"
              >
                <img
                  alt=""
                  height="150px"
                  src="africa.png"
                  width="100px"
                />
              </div>
              <div
                class="AfricaText"
              >
                <h1>
                  Africa
                </h1>
              </div>
            </div>
            <div
              class="africa_countries"
            >
              <div
                class="africa_countriesText"
              >
                List of africa countries  
              </div>
              <div>
                Search
                <input
                  placeholder="Name country"
                  type="text"
                  value=""
                />
              </div>
            </div>
            <div
              class="items"
            />
          </div>
        </div>
        <div />
      </div>
    </div>
  </body>,
  "container": <div>
    <div
      class="App"
    >
      <div>
        <div
          class="mainHome"
        >
          <div
            class="searchBar"
          >
            <div>
              <img
                alt=""
                height="20px"
                src="arrow.png"
                width="20px"
              />
            </div>
            <div>
              Welcom to you
            </div>
            <div
              class="iconSearch"
            >
              <div>
                <img
                  alt=""
                  height="20px"
                  src="mic.png"
                  width="20px"
                />
              </div>
              <div>
                <img
                  alt=""
                  height="20px"
                  src="setting.png"
                  width="20px"
                />
              </div>
            </div>
          </div>
          <div
            class="mainItem"
          >
            <div
              class="AfricaImg"
            >
              <img
                alt=""
                height="150px"
                src="africa.png"
                width="100px"
              />
            </div>
            <div
              class="AfricaText"
            >
              <h1>
                Africa
              </h1>
            </div>
          </div>
          <div
            class="africa_countries"
          >
            <div
              class="africa_countriesText"
            >
              List of africa countries  
            </div>
            <div>
              Search
              <input
                placeholder="Name country"
                type="text"
                value=""
              />
            </div>
          </div>
          <div
            class="items"
          />
        </div>
      </div>
      <div />
    </div>
  </div>,
  "debug": [Function],
  "findAllByAltText": [Function],
  "findAllByDisplayValue": [Function],
  "findAllByLabelText": [Function],
  "findAllByPlaceholderText": [Function],
  "findAllByRole": [Function],
  "findAllByTestId": [Function],
  "findAllByText": [Function],
  "findAllByTitle": [Function],
  "findByAltText": [Function],
  "findByDisplayValue": [Function],
  "findByLabelText": [Function],
  "findByPlaceholderText": [Function],
  "findByRole": [Function],
  "findByTestId": [Function],
  "findByText": [Function],
  "findByTitle": [Function],
  "getAllByAltText": [Function],
  "getAllByDisplayValue": [Function],
  "getAllByLabelText": [Function],
  "getAllByPlaceholderText": [Function],
  "getAllByRole": [Function],
  "getAllByTestId": [Function],
  "getAllByText": [Function],
  "getAllByTitle": [Function],
  "getByAltText": [Function],
  "getByDisplayValue": [Function],
  "getByLabelText": [Function],
  "getByPlaceholderText": [Function],
  "getByRole": [Function],
  "getByTestId": [Function],
  "getByText": [Function],
  "getByTitle": [Function],
  "queryAllByAltText": [Function],
  "queryAllByDisplayValue": [Function],
  "queryAllByLabelText": [Function],
  "queryAllByPlaceholderText": [Function],
  "queryAllByRole": [Function],
  "queryAllByTestId": [Function],
  "queryAllByText": [Function],
  "queryAllByTitle": [Function],
  "queryByAltText": [Function],
  "queryByDisplayValue": [Function],
  "queryByLabelText": [Function],
  "queryByPlaceholderText": [Function],
  "queryByRole": [Function],
  "queryByTestId": [Function],
  "queryByText": [Function],
  "queryByTitle": [Function],
  "rerender": [Function],
  "unmount": [Function],
}
`;
